will turn input_boolean `KguJtIhd` on
reason:
    entity `KguJtIhd` should be on
         ╭──▶ ProvenanceSpec.hs@69:35-69:45
         │
      69 │                   `then_` (entity `shouldBe` on)
         •                                   ┬───────── 
         •                                   ╰╸ entity `KguJtIhd` should be on
    ─────╯

        │
        ├─▶ because literal
             ╭──▶ ProvenanceSpec.hs@69:46-69:48
             │
          69 │                   `then_` (entity `shouldBe` on)
             •                                              ┬─ 
             •                                              ╰╸ literal
        ─────╯

        │
        ├─▶ because entity `KguJtIhd` is currently off
        │
        ├─▶ because branch was taken
             ╭──▶ ProvenanceSpec.hs@69:19-69:26
             │
          69 │                   `then_` (entity `shouldBe` on)
             •                   ┬────── 
             •                   ╰╸ branch was taken
        ─────╯

            │
            ├─▶ because 14:40:00 > 14:39:00
                 ╭──▶ ProvenanceSpec.hs@68:34-68:49
                 │
              68 │               ( if_ (currentTime `isGreaterThan` time @14 @39)
                 •                                  ┬────────────── 
                 •                                  ╰╸ 14:40:00 > 14:39:00
            ─────╯

                │
                ├─▶ because 14:40:00
                     ╭──▶ ProvenanceSpec.hs@68:22-68:33
                     │
                  68 │               ( if_ (currentTime `isGreaterThan` time @14 @39)
                     •                      ┬────────── 
                     •                      ╰╸ 14:40:00
                ─────╯

                    │
                    ├─▶ because current time is 14:40:00
                │
                ├─▶ because 14:39:00
                     ╭──▶ ProvenanceSpec.hs@68:50-68:54
                     │
                  68 │               ( if_ (currentTime `isGreaterThan` time @14 @39)
                     •                                                  ┬─── 
                     •                                                  ╰╸ 14:39:00
                ─────╯

                    │
                    ├─▶ because literal
                         ╭──▶ ProvenanceSpec.hs@68:50-68:54
                         │
                      68 │               ( if_ (currentTime `isGreaterThan` time @14 @39)
                         •                                                  ┬─── 
                         •                                                  ╰╸ literal
                    ─────╯
