will turn light `tI6qo1eoKx` on
reason:
    entity `tI6qo1eoKx` should be on
         ╭──▶ Generated@-1:-1--1:-1
         │
      -1 │ <no line>
         • 
         • ╰╸ entity `tI6qo1eoKx` should be on
    ─────╯

        │
        ├─▶ because literal
             ╭──▶ Generated@-1:-1--1:-1
             │
          -1 │ <no line>
             • 
             • ╰╸ literal
        ─────╯

        │
        ├─▶ because entity `tI6qo1eoKx` is currently off
will turn light `lightB` on
reason:
    entity `lightB` should be on
         ╭──▶ Specifications.hs@33:13-33:23
         │
      33 │     (entity `shouldBe` fromState state)
         •             ┬───────── 
         •             ╰╸ entity `lightB` should be on
    ─────╯

        │
        ├─▶ because literal
             ╭──▶ Specifications.hs@33:24-33:33
             │
          33 │     (entity `shouldBe` fromState state)
             •                        ┬──────── 
             •                        ╰╸ literal
        ─────╯

        │
        ├─▶ because entity `lightB` is currently off