will turn light `lightB` on
reason:
    entity `lightB` should be on
         ╭──▶ /home/martin/Projects/hasskell/hasskell-lib/test/Hasskell/Language/ProvenanceSpec.hs@26:35-26:45
         │
      26 │                   `else_` (lightB `shouldBe` on)
         •                                   ┬───────── 
         •                                   ╰╸ entity `lightB` should be on
    ─────╯

        │
        ├─▶ because literal
             ╭──▶ /home/martin/Projects/hasskell/hasskell-lib/test/Hasskell/Language/ProvenanceSpec.hs@26:46-26:48
             │
          26 │                   `else_` (lightB `shouldBe` on)
             •                                              ┬─ 
             •                                              ╰╸ literal
        ─────╯

        │
        ├─▶ because entity `lightB` is currently off
        │
        ├─▶ because branch was taken
             ╭──▶ /home/martin/Projects/hasskell/hasskell-lib/test/Hasskell/Language/ProvenanceSpec.hs@26:19-26:26
             │
          26 │                   `else_` (lightB `shouldBe` on)
             •                   ┬────── 
             •                   ╰╸ branch was taken
        ─────╯

            │
            ├─▶ because False
                 ╭──▶ /home/martin/Projects/hasskell/hasskell-lib/test/Hasskell/Language/ProvenanceSpec.hs@24:44-24:48
                 │
              24 │               ( if_ (toggledStateOf lightA `is` on)
                 •                                            ┬─── 
                 •                                            ╰╸ False
            ─────╯

                │
                ├─▶ because off
                     ╭──▶ /home/martin/Projects/hasskell/hasskell-lib/test/Hasskell/Language/ProvenanceSpec.hs@24:22-24:36
                     │
                  24 │               ( if_ (toggledStateOf lightA `is` on)
                     •                      ┬───────────── 
                     •                      ╰╸ off
                ─────╯

                    │
                    ├─▶ because entity `lightA` is currently off
                │
                ├─▶ because on
                     ╭──▶ /home/martin/Projects/hasskell/hasskell-lib/test/Hasskell/Language/ProvenanceSpec.hs@24:49-24:51
                     │
                  24 │               ( if_ (toggledStateOf lightA `is` on)
                     •                                                 ┬─ 
                     •                                                 ╰╸ on
                ─────╯

                    │
                    ├─▶ because literal
                         ╭──▶ /home/martin/Projects/hasskell/hasskell-lib/test/Hasskell/Language/ProvenanceSpec.hs@24:49-24:51
                         │
                      24 │               ( if_ (toggledStateOf lightA `is` on)
                         •                                                 ┬─ 
                         •                                                 ╰╸ literal
                    ─────╯
