will turn light `lightB` on
reason:
    entity `lightB` should be on
         ╭──▶ ProvenanceSpec.hs@32:35-32:45
         │
      32 │                   `else_` (lightB `shouldBe` on)
         •                                   ┬───────── 
         •                                   ╰╸ entity `lightB` should be on
    ─────╯

        │
        ├─▶ because literal
             ╭──▶ ProvenanceSpec.hs@32:46-32:48
             │
          32 │                   `else_` (lightB `shouldBe` on)
             •                                              ┬─ 
             •                                              ╰╸ literal
        ─────╯

        │
        ├─▶ because entity `lightB` is currently off
        │
        ├─▶ because branch was taken
             ╭──▶ ProvenanceSpec.hs@32:19-32:26
             │
          32 │                   `else_` (lightB `shouldBe` on)
             •                   ┬────── 
             •                   ╰╸ branch was taken
        ─────╯

            │
            ├─▶ because False
                 ╭──▶ ProvenanceSpec.hs@30:44-30:48
                 │
              30 │               ( if_ (toggledStateOf lightA `is` on)
                 •                                            ┬─── 
                 •                                            ╰╸ False
            ─────╯

                │
                ├─▶ because off
                     ╭──▶ ProvenanceSpec.hs@30:22-30:36
                     │
                  30 │               ( if_ (toggledStateOf lightA `is` on)
                     •                      ┬───────────── 
                     •                      ╰╸ off
                ─────╯

                    │
                    ├─▶ because entity `lightA` is currently off
                │
                ├─▶ because on
                     ╭──▶ ProvenanceSpec.hs@30:49-30:51
                     │
                  30 │               ( if_ (toggledStateOf lightA `is` on)
                     •                                                 ┬─ 
                     •                                                 ╰╸ on
                ─────╯

                    │
                    ├─▶ because literal
                         ╭──▶ ProvenanceSpec.hs@30:49-30:51
                         │
                      30 │               ( if_ (toggledStateOf lightA `is` on)
                         •                                                 ┬─ 
                         •                                                 ╰╸ literal
                    ─────╯
