will turn entity `lightB` on
reason:
    entity `lightB` should be on
         ╭──▶ /home/martin/Projects/hasskell/hasskell-lib/test/Hasskell/Language/ProvenanceSpec.hs@27:35-27:45
         │
      27 │                   `else_` (lightB `shouldBe` on)
         •                                   ┬───────── 
         •                                   ╰╸ entity `lightB` should be on
    ─────╯

        │
        ├─▶ because literal
             ╭──▶ /home/martin/Projects/hasskell/hasskell-lib/test/Hasskell/Language/ProvenanceSpec.hs@27:46-27:48
             │
          27 │                   `else_` (lightB `shouldBe` on)
             •                                              ┬─ 
             •                                              ╰╸ literal
        ─────╯

        │
        ├─▶ because entity `lightB` is currently off
        │
        ├─▶ because branch was taken
             ╭──▶ /home/martin/Projects/hasskell/hasskell-lib/test/Hasskell/Language/ProvenanceSpec.hs@27:19-27:26
             │
          27 │                   `else_` (lightB `shouldBe` on)
             •                   ┬────── 
             •                   ╰╸ branch was taken
        ─────╯

            │
            ├─▶ because False
                 ╭──▶ /home/martin/Projects/hasskell/hasskell-lib/test/Hasskell/Language/ProvenanceSpec.hs@25:44-25:48
                 │
              25 │               ( if_ (toggledStateOf lightA `is` on)
                 •                                            ┬─── 
                 •                                            ╰╸ False
            ─────╯

                │
                ├─▶ because off
                     ╭──▶ /home/martin/Projects/hasskell/hasskell-lib/test/Hasskell/Language/ProvenanceSpec.hs@25:22-25:36
                     │
                  25 │               ( if_ (toggledStateOf lightA `is` on)
                     •                      ┬───────────── 
                     •                      ╰╸ off
                ─────╯

                    │
                    ├─▶ because entity `lightA` is currently off
                │
                ├─▶ because on
                     ╭──▶ /home/martin/Projects/hasskell/hasskell-lib/test/Hasskell/Language/ProvenanceSpec.hs@25:49-25:51
                     │
                  25 │               ( if_ (toggledStateOf lightA `is` on)
                     •                                                 ┬─ 
                     •                                                 ╰╸ on
                ─────╯

                    │
                    ├─▶ because literal
                         ╭──▶ /home/martin/Projects/hasskell/hasskell-lib/test/Hasskell/Language/ProvenanceSpec.hs@25:49-25:51
                         │
                      25 │               ( if_ (toggledStateOf lightA `is` on)
                         •                                                 ┬─ 
                         •                                                 ╰╸ literal
                    ─────╯
