will turn entity `KguJtIhd` on
reason:
    entity `KguJtIhd` should be on
         ╭──▶ /home/martin/Projects/hasskell/hasskell-lib/test/Hasskell/Language/ProvenanceSpec.hs@80:35-80:45
         │
      80 │                   `else_` (entity `shouldBe` on)
         •                                   ┬───────── 
         •                                   ╰╸ entity `KguJtIhd` should be on
    ─────╯

        │
        ├─▶ because literal
             ╭──▶ /home/martin/Projects/hasskell/hasskell-lib/test/Hasskell/Language/ProvenanceSpec.hs@80:46-80:48
             │
          80 │                   `else_` (entity `shouldBe` on)
             •                                              ┬─ 
             •                                              ╰╸ literal
        ─────╯

        │
        ├─▶ because entity `KguJtIhd` is currently off
        │
        ├─▶ because branch was taken
             ╭──▶ /home/martin/Projects/hasskell/hasskell-lib/test/Hasskell/Language/ProvenanceSpec.hs@80:19-80:26
             │
          80 │                   `else_` (entity `shouldBe` on)
             •                   ┬────── 
             •                   ╰╸ branch was taken
        ─────╯

            │
            ├─▶ because 14:20:00 <= 14:39:00
                 ╭──▶ /home/martin/Projects/hasskell/hasskell-lib/test/Hasskell/Language/ProvenanceSpec.hs@78:34-78:49
                 │
              78 │               ( if_ (currentTime `isGreaterThan` time @14 @39)
                 •                                  ┬────────────── 
                 •                                  ╰╸ 14:20:00 <= 14:39:00
            ─────╯

                │
                ├─▶ because 14:20:00
                     ╭──▶ /home/martin/Projects/hasskell/hasskell-lib/test/Hasskell/Language/ProvenanceSpec.hs@78:22-78:33
                     │
                  78 │               ( if_ (currentTime `isGreaterThan` time @14 @39)
                     •                      ┬────────── 
                     •                      ╰╸ 14:20:00
                ─────╯

                    │
                    ├─▶ because current time is 14:20:00
                │
                ├─▶ because 14:39:00
                     ╭──▶ /home/martin/Projects/hasskell/hasskell-lib/test/Hasskell/Language/ProvenanceSpec.hs@78:50-78:54
                     │
                  78 │               ( if_ (currentTime `isGreaterThan` time @14 @39)
                     •                                                  ┬─── 
                     •                                                  ╰╸ 14:39:00
                ─────╯

                    │
                    ├─▶ because literal
                         ╭──▶ /home/martin/Projects/hasskell/hasskell-lib/test/Hasskell/Language/ProvenanceSpec.hs@78:50-78:54
                         │
                      78 │               ( if_ (currentTime `isGreaterThan` time @14 @39)
                         •                                                  ┬─── 
                         •                                                  ╰╸ literal
                    ─────╯
