will turn input_boolean `KguJtIhd` on
reason:
    entity `KguJtIhd` should be on
         ╭──▶ ProvenanceSpec.hs@54:35-54:45
         │
      54 │                   `then_` (entity `shouldBe` on)
         •                                   ┬───────── 
         •                                   ╰╸ entity `KguJtIhd` should be on
    ─────╯

        │
        ├─▶ because literal
             ╭──▶ ProvenanceSpec.hs@54:46-54:48
             │
          54 │                   `then_` (entity `shouldBe` on)
             •                                              ┬─ 
             •                                              ╰╸ literal
        ─────╯

        │
        ├─▶ because entity `KguJtIhd` is currently off
        │
        ├─▶ because branch was taken
             ╭──▶ ProvenanceSpec.hs@54:19-54:26
             │
          54 │                   `then_` (entity `shouldBe` on)
             •                   ┬────── 
             •                   ╰╸ branch was taken
        ─────╯

            │
            ├─▶ because True
                 ╭──▶ ProvenanceSpec.hs@53:34-53:38
                 │
              53 │               ( if_ (currentTime `is` time @14 @39)
                 •                                  ┬─── 
                 •                                  ╰╸ True
            ─────╯

                │
                ├─▶ because 14:39:00
                     ╭──▶ ProvenanceSpec.hs@53:22-53:33
                     │
                  53 │               ( if_ (currentTime `is` time @14 @39)
                     •                      ┬────────── 
                     •                      ╰╸ 14:39:00
                ─────╯

                    │
                    ├─▶ because current time is 14:39:00
                │
                ├─▶ because 14:39:00
                     ╭──▶ ProvenanceSpec.hs@53:39-53:43
                     │
                  53 │               ( if_ (currentTime `is` time @14 @39)
                     •                                       ┬─── 
                     •                                       ╰╸ 14:39:00
                ─────╯

                    │
                    ├─▶ because literal
                         ╭──▶ ProvenanceSpec.hs@53:39-53:43
                         │
                      53 │               ( if_ (currentTime `is` time @14 @39)
                         •                                       ┬─── 
                         •                                       ╰╸ literal
                    ─────╯
