[warning]: Unknown entity referenced
     ╭──▶ /home/martin/Projects/hasskell/hasskell-lib/test/Hasskell/TestUtils/Specifications.hs@17:12-17:22
     │
  11 │ lightAlwaysOn = lightAlways On
     •                 ┬────────── 
     •                 ╰╸ via
     •
  17 │     (light `shouldBe` fromState state)
     •            ┬───────── 
     •            ╰╸ Unknown entity ID `X`
     •
─────┼──▶ /home/martin/Projects/hasskell/hasskell-lib/test/Hasskell/Language/DiagnosticSpec.hs@22:45-22:58
     │
  22 │       let (_, report) = reconcile observed (lightAlwaysOn unknownEntity)
     •                                             ┬──────────── 
     •                                             ╰╸ via
     •
     │ Note: The entity ID may be misspelled.
─────╯
